// Jest Snapshot v1, https://goo.gl/fbAQLP

exports[`userService getProfilePage() when token is invalid throws an error 1`] = `[Error: NÃ£o conseguimos pegar os posts]`;
